Using seed 1 for model training
Experiment saved to: dev_outputs/simgcd/log/cub_default_(09.08.2026_|_01.160)
['simgcd']
Namespace(batch_size=128, num_workers=8, eval_funcs=['v2', 'v2p'], warmup_model_dir=None, dataset_name='cub', prop_train_labels=0.5, use_ssb_splits=True, grad_from_block=11, lr=0.1, gamma=0.1, momentum=0.9, weight_decay=0.0001, epochs=200, exp_root='dev_outputs', transform='imagenet', sup_weight=0.35, n_views=2, seed=1, memax_weight=2, warmup_teacher_temp=0.07, teacher_temp=0.04, warmup_teacher_temp_epochs=30, fp16=False, print_freq=10, exp_name='cub_default', image_size=224, train_classes=[150, 70, 34, 178, 199, 131, 129, 147, 134, 11, 26, 93, 95, 121, 123, 99, 149, 167, 18, 31, 69, 198, 116, 158, 126, 17, 5, 179, 111, 163, 184, 81, 174, 42, 53, 89, 77, 55, 23, 48, 43, 44, 56, 28, 193, 143, 0, 176, 84, 15, 38, 154, 141, 190, 172, 124, 189, 19, 80, 157, 12, 9, 79, 30, 94, 67, 197, 97, 168, 137, 119, 76, 98, 88, 40, 106, 171, 87, 166, 186, 27, 51, 144, 135, 161, 64, 177, 7, 146, 61, 50, 162, 133, 82, 39, 74, 72, 91, 196, 136], unlabeled_classes=[29, 110, 3, 8, 13, 58, 142, 25, 145, 63, 59, 65, 24, 140, 120, 32, 114, 107, 160, 130, 118, 101, 115, 128, 117, 71, 156, 112, 36, 122, 104, 102, 90, 125, 152, 195, 132, 83, 22, 192, 153, 175, 191, 155, 49, 194, 73, 66, 170, 151, 169, 96, 103, 37, 181, 127, 78, 21, 10, 164, 62, 2, 183, 85, 45, 60, 92, 185, 20, 159, 173, 148, 1, 57, 113, 165, 52, 109, 14, 4, 180, 6, 182, 68, 33, 108, 46, 35, 75, 188, 187, 100, 47, 105, 41, 86, 16, 54, 139, 138], num_labeled_classes=100, num_unlabeled_classes=100, logger=<loguru.logger handlers=[(id=0, level=10, sink=<stderr>), (id=1, level=10, sink='dev_outputs/simgcd/log/cub_default_(09.08.2026_|_01.160)/log.txt')]>, log_dir='dev_outputs/simgcd/log/cub_default_(09.08.2026_|_01.160)', model_dir='dev_outputs/simgcd/log/cub_default_(09.08.2026_|_01.160)/checkpoints', model_path='dev_outputs/simgcd/log/cub_default_(09.08.2026_|_01.160)/checkpoints/model.pt')
2026-08-09 02:54:01.164 | INFO     | __main__:<module>:267 - Using evaluation function v2 to print results
/root/.cache/torch/hub/facebookresearch_dinov2_main/dinov2/layers/swiglu_ffn.py:51: UserWarning: xFormers is not available (SwiGLU)
  warnings.warn("xFormers is not available (SwiGLU)")
/root/.cache/torch/hub/facebookresearch_dinov2_main/dinov2/layers/attention.py:33: UserWarning: xFormers is not available (Attention)
  warnings.warn("xFormers is not available (Attention)")
/root/.cache/torch/hub/facebookresearch_dinov2_main/dinov2/layers/block.py:40: UserWarning: xFormers is not available (Block)
  warnings.warn("xFormers is not available (Block)")
2026-08-09 02:54:02.808 | INFO     | __main__:<module>:304 - model build
Files already downloaded and verified
2026-08-09 02:54:16.682 | INFO     | __main__:train:147 - Epoch: [0][0/46]	 loss 15.21011	 cls_loss: 5.3075 cluster_loss: 5.2041 sup_con_loss: 1.8736 contrastive_loss: 4.8955 patch_sup_con_loss: 17.5201 
2026-08-09 02:54:36.600 | INFO     | __main__:train:147 - Epoch: [0][10/46]	 loss 12.92303	 cls_loss: 3.0267 cluster_loss: 4.0978 sup_con_loss: 1.3384 contrastive_loss: 4.7658 patch_sup_con_loss: 16.0970 
2026-08-09 02:54:56.640 | INFO     | __main__:train:147 - Epoch: [0][20/46]	 loss 11.07373	 cls_loss: 1.4970 cluster_loss: 3.0629 sup_con_loss: 0.9341 contrastive_loss: 4.6665 patch_sup_con_loss: 14.8537 
2026-08-09 02:55:16.662 | INFO     | __main__:train:147 - Epoch: [0][30/46]	 loss 10.76730	 cls_loss: 1.1116 cluster_loss: 2.7004 sup_con_loss: 0.9206 contrastive_loss: 4.6598 patch_sup_con_loss: 15.0627 
2026-08-09 02:55:36.705 | INFO     | __main__:train:147 - Epoch: [0][40/46]	 loss 10.81931	 cls_loss: 1.0124 cluster_loss: 2.5968 sup_con_loss: 1.1838 contrastive_loss: 4.6566 patch_sup_con_loss: 15.2455 
2026-08-09 02:55:46.666 | INFO     | __main__:train:150 - Train Epoch: 0 Avg Loss: 11.7582 
2026-08-09 02:55:46.666 | INFO     | __main__:train:152 - Testing on unlabelled examples in the training data...
  0%|          | 0/18 [00:00<?, ?it/s]  6%|▌         | 1/18 [00:03<00:52,  3.08s/it] 11%|█         | 2/18 [00:04<00:30,  1.91s/it] 17%|█▋        | 3/18 [00:05<00:23,  1.54s/it] 22%|██▏       | 4/18 [00:06<00:19,  1.36s/it] 28%|██▊       | 5/18 [00:07<00:16,  1.26s/it] 33%|███▎      | 6/18 [00:08<00:14,  1.20s/it] 39%|███▉      | 7/18 [00:09<00:12,  1.17s/it] 44%|████▍     | 8/18 [00:10<00:11,  1.14s/it] 50%|█████     | 9/18 [00:11<00:10,  1.12s/it] 56%|█████▌    | 10/18 [00:12<00:08,  1.11s/it] 61%|██████    | 11/18 [00:13<00:07,  1.11s/it] 67%|██████▋   | 12/18 [00:15<00:06,  1.10s/it] 72%|███████▏  | 13/18 [00:16<00:05,  1.10s/it] 78%|███████▊  | 14/18 [00:17<00:04,  1.09s/it] 83%|████████▎ | 15/18 [00:18<00:03,  1.09s/it] 89%|████████▉ | 16/18 [00:19<00:02,  1.09s/it] 94%|█████████▍| 17/18 [00:20<00:01,  1.09s/it]100%|██████████| 18/18 [00:21<00:00,  1.01it/s]100%|██████████| 18/18 [00:21<00:00,  1.18s/it]
Traceback (most recent call last):
  File "/data/projects/clean_projects/partco/train_partco_simgcd.py", line 360, in <module>
    train(model, patch_projector, train_loader, None, test_loader_unlabelled, args)
  File "/data/projects/clean_projects/partco/train_partco_simgcd.py", line 154, in train
    all_acc, old_acc, new_acc = test(student, unlabelled_train_loader, epoch=epoch, save_name='Train ACC Unlabelled', args=args)
  File "/data/projects/clean_projects/partco/train_partco_simgcd.py", line 212, in test
    all_acc, old_acc, new_acc = log_accs_from_preds(y_true=targets, y_pred=preds, mask=mask,
  File "/data/projects/clean_projects/partco/util/cluster_and_log_utils.py", line 189, in log_accs_from_preds
    acc_f = EVAL_FUNCS[f_name]
KeyError: 'v2p'
